// Jest Snapshot v1, https://goo.gl/fbAQLP

exports[`should render demo and match snapshot 1`] = `
<div>
  <ul class="van-pagination">
    <li class="van-pagination__item van-pagination__item--disabled van-pagination__prev van-hairline">
      Prev
    </li>
    <li class="van-pagination__item van-pagination__item--active van-pagination__page van-hairline">
      1
    </li>
    <li class="van-pagination__item van-pagination__page van-hairline">
      2
    </li>
    <li class="van-pagination__item van-pagination__page van-hairline">
      3
    </li>
    <li class="van-pagination__item van-pagination__page van-hairline">
      4
    </li>
    <li class="van-pagination__item van-pagination__page van-hairline">
      5
    </li>
    <li class="van-pagination__item van-pagination__next van-hairline">
      Next
    </li>
  </ul>
</div>
<div>
  <ul class="van-pagination van-pagination--simple"
      size="small"
  >
    <li class="van-pagination__item van-pagination__item--disabled van-pagination__prev van-hairline">
      Prev
    </li>
    <li class="van-pagination__page-desc">
      1/12
    </li>
    <li class="van-pagination__item van-pagination__next van-hairline">
      Next
    </li>
  </ul>
</div>
<div>
  <ul class="van-pagination">
    <li class="van-pagination__item van-pagination__item--disabled van-pagination__prev van-hairline">
      Prev
    </li>
    <li class="van-pagination__item van-pagination__item--active van-pagination__page van-hairline">
      1
    </li>
    <li class="van-pagination__item van-pagination__page van-hairline">
      2
    </li>
    <li class="van-pagination__item van-pagination__page van-hairline">
      3
    </li>
    <li class="van-pagination__item van-pagination__page van-hairline">
      ...
    </li>
    <li class="van-pagination__item van-pagination__next van-hairline">
      Next
    </li>
  </ul>
</div>
<div>
  <ul class="van-pagination">
    <li class="van-pagination__item van-pagination__item--disabled van-pagination__prev van-hairline">
      <i class="van-badge__wrapper van-icon van-icon-arrow-left">
      </i>
    </li>
    <li class="van-pagination__item van-pagination__item--active van-pagination__page van-hairline">
      1
    </li>
    <li class="van-pagination__item van-pagination__page van-hairline">
      2
    </li>
    <li class="van-pagination__item van-pagination__page van-hairline">
      3
    </li>
    <li class="van-pagination__item van-pagination__page van-hairline">
      4
    </li>
    <li class="van-pagination__item van-pagination__page van-hairline">
      5
    </li>
    <li class="van-pagination__item van-pagination__next van-hairline">
      <i class="van-badge__wrapper van-icon van-icon-arrow">
      </i>
    </li>
  </ul>
</div>
`;
