// Jest Snapshot v1, https://goo.gl/fbAQLP

exports[`should render demo and match snapshot 1`] = `
<div>
  <div class="van-tree-select"
       style="height: 300px;"
  >
    <div class="van-sidebar van-tree-select__nav">
      <a class="van-sidebar-item van-sidebar-item--select van-tree-select__nav-item">
        <div class="van-badge__wrapper van-sidebar-item__text">
          Group 1
        </div>
      </a>
      <a class="van-sidebar-item van-tree-select__nav-item">
        <div class="van-badge__wrapper van-sidebar-item__text">
          Group 2
        </div>
      </a>
      <a class="van-sidebar-item van-sidebar-item--disabled van-tree-select__nav-item">
        <div class="van-badge__wrapper van-sidebar-item__text">
          Group 3
        </div>
      </a>
    </div>
    <div class="van-tree-select__content">
      <div class="van-ellipsis van-tree-select__item van-tree-select__item--active">
        Delaware
        <i class="van-badge__wrapper van-icon van-icon-success van-tree-select__selected">
        </i>
      </div>
      <div class="van-ellipsis van-tree-select__item">
        Florida
      </div>
      <div class="van-ellipsis van-tree-select__item van-tree-select__item--disabled">
        Georqia
      </div>
      <div class="van-ellipsis van-tree-select__item">
        Indiana
      </div>
    </div>
  </div>
</div>
<div>
  <div class="van-tree-select"
       style="height: 300px;"
  >
    <div class="van-sidebar van-tree-select__nav">
      <a class="van-sidebar-item van-sidebar-item--select van-tree-select__nav-item">
        <div class="van-badge__wrapper van-sidebar-item__text">
          Group 1
        </div>
      </a>
      <a class="van-sidebar-item van-tree-select__nav-item">
        <div class="van-badge__wrapper van-sidebar-item__text">
          Group 2
        </div>
      </a>
      <a class="van-sidebar-item van-sidebar-item--disabled van-tree-select__nav-item">
        <div class="van-badge__wrapper van-sidebar-item__text">
          Group 3
        </div>
      </a>
    </div>
    <div class="van-tree-select__content">
      <div class="van-ellipsis van-tree-select__item van-tree-select__item--active">
        Delaware
        <i class="van-badge__wrapper van-icon van-icon-success van-tree-select__selected">
        </i>
      </div>
      <div class="van-ellipsis van-tree-select__item van-tree-select__item--active">
        Florida
        <i class="van-badge__wrapper van-icon van-icon-success van-tree-select__selected">
        </i>
      </div>
      <div class="van-ellipsis van-tree-select__item van-tree-select__item--disabled">
        Georqia
      </div>
      <div class="van-ellipsis van-tree-select__item">
        Indiana
      </div>
    </div>
  </div>
</div>
<div>
  <div class="van-tree-select"
       style="height: 55vw;"
  >
    <div class="van-sidebar van-tree-select__nav">
      <a class="van-sidebar-item van-sidebar-item--select van-tree-select__nav-item">
        <div class="van-badge__wrapper van-sidebar-item__text">
          Group 1
        </div>
      </a>
      <a class="van-sidebar-item van-tree-select__nav-item">
        <div class="van-badge__wrapper van-sidebar-item__text">
          Group 2
        </div>
      </a>
    </div>
    <div class="van-tree-select__content">
      <div class="van-image">
        <img src="https://img.yzcdn.cn/vant/apple-1.jpg"
             class="van-image__img"
        >
      </div>
    </div>
  </div>
</div>
<div>
  <div class="van-tree-select"
       style="height: 55vw;"
  >
    <div class="van-sidebar van-tree-select__nav">
      <a class="van-sidebar-item van-sidebar-item--select van-tree-select__nav-item">
        <div class="van-badge__wrapper van-sidebar-item__text">
          Group 1
          <div class="van-badge van-badge--dot van-badge--fixed">
          </div>
        </div>
      </a>
      <a class="van-sidebar-item van-tree-select__nav-item">
        <div class="van-badge__wrapper van-sidebar-item__text">
          Group 2
          <div class="van-badge van-badge--fixed">
            5
          </div>
        </div>
      </a>
    </div>
    <div class="van-tree-select__content">
      <div class="van-ellipsis van-tree-select__item van-tree-select__item--active">
        Delaware
        <i class="van-badge__wrapper van-icon van-icon-success van-tree-select__selected">
        </i>
      </div>
      <div class="van-ellipsis van-tree-select__item">
        Florida
      </div>
      <div class="van-ellipsis van-tree-select__item van-tree-select__item--disabled">
        Georqia
      </div>
      <div class="van-ellipsis van-tree-select__item">
        Indiana
      </div>
    </div>
  </div>
</div>
`;
