// Jest Snapshot v1, https://goo.gl/fbAQLP

exports[`should render default slot correctly 1`] = `
<transition-stub>
</transition-stub>
`;
